Starting a Gradle Daemon, 1 busy and 1 stopped Daemons could not be reused, use --status for details
Reusing configuration cache.
> Task :app:generateDebugAssets UP-TO-DATE
> Task :app:preBuild UP-TO-DATE
> Task :app:preDebugBuild UP-TO-DATE
> Task :app:preDebugUnitTestBuild UP-TO-DATE
> Task :app:generateDebugBuildConfig UP-TO-DATE
> Task :app:processDebugGoogleServices UP-TO-DATE
> Task :app:generateDebugResources UP-TO-DATE
> Task :app:packageDebugResources UP-TO-DATE
> Task :app:javaPreCompileDebug UP-TO-DATE
> Task :app:mapDebugSourceSetPaths UP-TO-DATE
> Task :app:mergeDebugResources UP-TO-DATE
> Task :app:processDebugNavigationResources UP-TO-DATE
> Task :app:checkDebugAarMetadata UP-TO-DATE
> Task :app:parseDebugLocalResources UP-TO-DATE
> Task :app:createDebugCompatibleScreenManifests UP-TO-DATE
> Task :app:extractDeepLinksDebug UP-TO-DATE
> Task :app:generateDebugRFile UP-TO-DATE
> Task :app:compileDebugNavigationResources UP-TO-DATE
> Task :app:javaPreCompileDebugUnitTest UP-TO-DATE
> Task :app:mergeDebugAssets UP-TO-DATE
> Task :app:processDebugMainManifest UP-TO-DATE
> Task :app:processDebugManifest UP-TO-DATE
> Task :app:processDebugManifestForPackage UP-TO-DATE
> Task :app:processDebugUnitTestManifest UP-TO-DATE
> Task :app:processDebugResources UP-TO-DATE
> Task :app:packageDebugUnitTestForUnitTest UP-TO-DATE
> Task :app:generateDebugUnitTestConfig UP-TO-DATE
> Task :app:kspDebugKotlin

> Task :app:compileDebugKotlin FAILED
e: file:///app/applet/app/src/main/java/com/remoteaudiosync/manager/MediaManager.kt Unresolved reference 'media'.
e: file:///app/applet/app/src/main/java/com/remoteaudiosync/manager/MediaManager.kt Unresolved reference 'media'.
e: file:///app/applet/app/src/main/java/com/remoteaudiosync/manager/MediaManager.kt Unresolved reference 'media'.
e: file:///app/applet/app/src/main/java/com/remoteaudiosync/manager/MediaManager.kt Unresolved reference 'media'.
e: file:///app/applet/app/src/main/java/com/remoteaudiosync/manager/MediaManager.kt Unresolved reference 'MediaControllerCompat'.
e: file:///app/applet/app/src/main/java/com/remoteaudiosync/manager/MediaManager.kt Unresolved reference 'MediaControllerCompat'.
e: file:///app/applet/app/src/main/java/com/remoteaudiosync/manager/MediaManager.kt 'onPlaybackStateChanged' overrides nothing.
e: file:///app/applet/app/src/main/java/com/remoteaudiosync/manager/MediaManager.kt Unresolved reference 'PlaybackStateCompat'.
e: file:///app/applet/app/src/main/java/com/remoteaudiosync/manager/MediaManager.kt 'onMetadataChanged' overrides nothing.
e: file:///app/applet/app/src/main/java/com/remoteaudiosync/manager/MediaManager.kt Unresolved reference 'MediaMetadataCompat'.
e: file:///app/applet/app/src/main/java/com/remoteaudiosync/manager/MediaManager.kt Unresolved reference 'unregisterCallback'.
e: file:///app/applet/app/src/main/java/com/remoteaudiosync/manager/MediaManager.kt Unresolved reference 'unregisterCallback'.
e: file:///app/applet/app/src/main/java/com/remoteaudiosync/manager/MediaManager.kt Unresolved reference 'MediaControllerCompat'.
e: file:///app/applet/app/src/main/java/com/remoteaudiosync/manager/MediaManager.kt Unresolved reference 'MediaSessionCompat'.
e: file:///app/applet/app/src/main/java/com/remoteaudiosync/manager/MediaManager.kt Unresolved reference 'registerCallback'.
e: file:///app/applet/app/src/main/java/com/remoteaudiosync/manager/MediaManager.kt Unresolved reference 'metadata'.
e: file:///app/applet/app/src/main/java/com/remoteaudiosync/manager/MediaManager.kt Unresolved reference 'playbackState'.
e: file:///app/applet/app/src/main/java/com/remoteaudiosync/manager/MediaManager.kt Unresolved reference 'MediaMetadataCompat'.
e: file:///app/applet/app/src/main/java/com/remoteaudiosync/manager/MediaManager.kt Unresolved reference 'MediaMetadataCompat'.
e: file:///app/applet/app/src/main/java/com/remoteaudiosync/manager/MediaManager.kt Unresolved reference 'MediaMetadataCompat'.
e: file:///app/applet/app/src/main/java/com/remoteaudiosync/manager/MediaManager.kt Unresolved reference 'PlaybackStateCompat'.
e: file:///app/applet/app/src/main/java/com/remoteaudiosync/manager/MediaManager.kt Unresolved reference 'packageName'.
e: file:///app/applet/app/src/main/java/com/remoteaudiosync/manager/MediaManager.kt Unresolved reference 'MediaControllerCompat'.
e: file:///app/applet/app/src/main/java/com/remoteaudiosync/manager/MediaManager.kt Unresolved reference 'playbackState'.
e: file:///app/applet/app/src/main/java/com/remoteaudiosync/manager/MediaManager.kt Unresolved reference 'PlaybackStateCompat'.
e: file:///app/applet/app/src/main/java/com/remoteaudiosync/manager/MediaManager.kt Unresolved reference 'transportControls'.
e: file:///app/applet/app/src/main/java/com/remoteaudiosync/manager/MediaManager.kt Unresolved reference 'transportControls'.
e: file:///app/applet/app/src/main/java/com/remoteaudiosync/manager/MediaManager.kt Unresolved reference 'transportControls'.
e: file:///app/applet/app/src/main/java/com/remoteaudiosync/manager/MediaManager.kt Unresolved reference 'transportControls'.
e: file:///app/applet/app/src/main/java/com/remoteaudiosync/manager/MediaManager.kt Unresolved reference 'transportControls'.

FAILURE: Build failed with an exception.

* What went wrong:
Execution failed for task ':app:compileDebugKotlin'.
> A failure occurred while executing org.jetbrains.kotlin.compilerRunner.GradleCompilerRunnerWithWorkers$GradleKotlinCompilerWorkAction
   > Compilation error. See log for more details

* Try:
> Run with --stacktrace option to get the stack trace.
> Run with --info or --debug option to get more log output.
> Run with --scan to get full insights from a Build Scan (powered by Develocity).
> Get more help at https://help.gradle.org.

BUILD FAILED in 37s
25 actionable tasks: 2 executed, 23 up-to-date
Configuration cache entry reused.
